###############################################################################
#
# IAR ELF Linker V7.10.1.6676/W32 for ARM                 24/Jun/2015  14:29:03
# Copyright 2007-2014 IAR Systems AB.
#
#    Output file  =  
#        C:\Users\ZXJ\Desktop\人体生理指数测试系统\下位机\K60 new
#        board\PhysiologicalTests\bin\Flash\Exe\PhysiologicalTests.out
#    Map file     =  
#        C:\Users\ZXJ\Desktop\人体生理指数测试系统\下位机\K60 new
#        board\PhysiologicalTests\bin\Flash\List\PhysiologicalTests.map
#    Command line =  
#        "C:\Users\ZXJ\Desktop\人体生理指数测试系统\下位机\K60 new
#        board\PhysiologicalTests\bin\Flash\Obj\adc.o"
#        "C:\Users\ZXJ\Desktop\人体生理指数测试系统\下位机\K60 new
#        board\PhysiologicalTests\bin\Flash\Obj\button.o"
#        "C:\Users\ZXJ\Desktop\人体生理指数测试系统\下位机\K60 new
#        board\PhysiologicalTests\bin\Flash\Obj\Command_analy.o"
#        "C:\Users\ZXJ\Desktop\人体生理指数测试系统\下位机\K60 new
#        board\PhysiologicalTests\bin\Flash\Obj\common.o"
#        "C:\Users\ZXJ\Desktop\人体生理指数测试系统\下位机\K60 new
#        board\PhysiologicalTests\bin\Flash\Obj\control.o"
#        "C:\Users\ZXJ\Desktop\人体生理指数测试系统\下位机\K60 new
#        board\PhysiologicalTests\bin\Flash\Obj\crt0.o"
#        "C:\Users\ZXJ\Desktop\人体生理指数测试系统\下位机\K60 new
#        board\PhysiologicalTests\bin\Flash\Obj\decoder.o"
#        "C:\Users\ZXJ\Desktop\人体生理指数测试系统\下位机\K60 new
#        board\PhysiologicalTests\bin\Flash\Obj\delay.o"
#        "C:\Users\ZXJ\Desktop\人体生理指数测试系统\下位机\K60 new
#        board\PhysiologicalTests\bin\Flash\Obj\gpio.o"
#        "C:\Users\ZXJ\Desktop\人体生理指数测试系统\下位机\K60 new
#        board\PhysiologicalTests\bin\Flash\Obj\i2c.o"
#        "C:\Users\ZXJ\Desktop\人体生理指数测试系统\下位机\K60 new
#        board\PhysiologicalTests\bin\Flash\Obj\isr.o"
#        "C:\Users\ZXJ\Desktop\人体生理指数测试系统\下位机\K60 new
#        board\PhysiologicalTests\bin\Flash\Obj\light.o"
#        "C:\Users\ZXJ\Desktop\人体生理指数测试系统\下位机\K60 new
#        board\PhysiologicalTests\bin\Flash\Obj\LQ12864.o"
#        "C:\Users\ZXJ\Desktop\人体生理指数测试系统\下位机\K60 new
#        board\PhysiologicalTests\bin\Flash\Obj\main.o"
#        "C:\Users\ZXJ\Desktop\人体生理指数测试系统\下位机\K60 new
#        board\PhysiologicalTests\bin\Flash\Obj\MMA8451.o"
#        "C:\Users\ZXJ\Desktop\人体生理指数测试系统\下位机\K60 new
#        board\PhysiologicalTests\bin\Flash\Obj\NRF24L01.o"
#        "C:\Users\ZXJ\Desktop\人体生理指数测试系统\下位机\K60 new
#        board\PhysiologicalTests\bin\Flash\Obj\PID.o"
#        "C:\Users\ZXJ\Desktop\人体生理指数测试系统\下位机\K60 new
#        board\PhysiologicalTests\bin\Flash\Obj\pit.o"
#        "C:\Users\ZXJ\Desktop\人体生理指数测试系统\下位机\K60 new
#        board\PhysiologicalTests\bin\Flash\Obj\pwm.o"
#        "C:\Users\ZXJ\Desktop\人体生理指数测试系统\下位机\K60 new
#        board\PhysiologicalTests\bin\Flash\Obj\start.o"
#        "C:\Users\ZXJ\Desktop\人体生理指数测试系统\下位机\K60 new
#        board\PhysiologicalTests\bin\Flash\Obj\sysinit.o"
#        "C:\Users\ZXJ\Desktop\人体生理指数测试系统\下位机\K60 new
#        board\PhysiologicalTests\bin\Flash\Obj\uart.o"
#        "C:\Users\ZXJ\Desktop\人体生理指数测试系统\下位机\K60 new
#        board\PhysiologicalTests\bin\Flash\Obj\UpMonitor.o"
#        "C:\Users\ZXJ\Desktop\人体生理指数测试系统\下位机\K60 new
#        board\PhysiologicalTests\bin\Flash\Obj\vectors.o"
#        "C:\Users\ZXJ\Desktop\人体生理指数测试系统\下位机\K60 new
#        board\PhysiologicalTests\bin\Flash\Obj\wdog.o" --redirect
#        _Printf=_PrintfFull --redirect _Scanf=_ScanfFull -o
#        "C:\Users\ZXJ\Desktop\人体生理指数测试系统\下位机\K60 new
#        board\PhysiologicalTests\bin\Flash\Exe\PhysiologicalTests.out" --map
#        "C:\Users\ZXJ\Desktop\人体生理指数测试系统\下位机\K60 new
#        board\PhysiologicalTests\bin\Flash\List\PhysiologicalTests.map"
#        --config "C:\Users\ZXJ\Desktop\人体生理指数测试系统\下位机\K60 new
#        board\PhysiologicalTests\src\Project_Settings\Link\Pflash.icf"
#        --semihosting --entry __iar_program_start --vfe
#
###############################################################################

*******************************************************************************
*** RUNTIME MODEL ATTRIBUTES
***

CppFlavor       = *
__SystemLibrary = DLib


*******************************************************************************
*** PLACEMENT SUMMARY
***

"A1":  place at 0x00000000 { ro section .intvec };
"A2":  place at 0x00000410 { ro section .noinit };
"P1":  place in [from 0x00000000 to 0x00080000] { ro, block CodeRelocate };
"P2":  place in [from 0x1fff0410 to 0x20010000] {
          rw, block CodeRelocateRam, block CSTACK, block HEAP };

  Section              Kind        Address    Size  Object
  -------              ----        -------    ----  ------
"A1":                                        0x410
  .intvec              const    0x00000000   0x410  vectors.o [1]
                              - 0x00000410   0x410

"P1", part 1 of 2:                             0x0
  .rodata              const    0x00000410     0x0  zero_init3.o [5]

"A2":                                         0x3c
  .noinit              ro code  0x00000410    0x3c  crt0.o [1]
                              - 0x0000044c    0x3c

"P1", part 2 of 2:                          0x3e80
  .text                ro code  0x0000044c   0x8cc  main.o [1]
  .text                ro code  0x00000d18    0x48  UpMonitor.o [1]
  .text                ro code  0x00000d60   0x628  LQ12864.o [1]
  .text                ro code  0x00001388    0x4c  delay.o [1]
  .text                ro code  0x000013d4   0x274  NRF24L01.o [1]
  .text                ro code  0x00001648   0x110  control.o [1]
  .text                ro code  0x00001758   0x1a2  DblMul.o [4]
  .text                ro code  0x000018fa    0x22  zero_init3.o [5]
  .text                ro code  0x0000191c    0x4c  DblToI32.o [4]
  .text                ro code  0x00001968   0x132  common.o [1]
  .text                ro code  0x00001a9a     0x2  vectors.o [1]
  .text                ro code  0x00001a9c   0x388  Command_analy.o [1]
  .text                ro code  0x00001e24    0x2e  DblCmpLe.o [4]
  .text                ro code  0x00001e54    0x2e  DblCmpGe.o [4]
  .text                ro code  0x00001e84   0x1e2  uart.o [1]
  .text                ro code  0x00002068    0xc4  gpio.o [1]
  .text                ro code  0x0000212c   0x284  adc.o [1]
  .text                ro code  0x000023b0   0x5a4  pwm.o [1]
  .text                ro code  0x00002954    0xa8  PID.o [1]
  .text                ro code  0x000029fc    0xb8  pit.o [1]
  .text                ro code  0x00002ab4    0x20  DblCmpEq.o [4]
  .text                ro code  0x00002ad4    0xe8  DblAdd.o [4]
  .text                ro code  0x00002bbc    0x2c  I32ToDbl.o [4]
  .text                ro code  0x00002be8   0x246  DblDiv.o [4]
  .text                ro code  0x00002e30    0x2e  I32ToFlt.o [4]
  .text                ro code  0x00002e60    0xd8  FltMul.o [4]
  .text                ro code  0x00002f38    0xe6  FltSub.o [4]
  .text                ro code  0x00003020    0x84  FltAdd.o [4]
  .text                ro code  0x000030a4    0x44  FltToS32.o [4]
  .text                ro code  0x000030e8   0x16c  DblSub.o [4]
  .text                ro code  0x00003254   0x66c  isr.o [1]
  .rodata              const    0x000038c0   0x5f0  LQ12864.o [1]
  Veneer               ro code  0x00003eb0     0x8  - Linker created -
  .text                ro code  0x00003eb8   0x210  sysinit.o [1]
  .text                ro code  0x000040c8    0xb0  start.o [1]
  .text                ro code  0x00004178    0x38  wdog.o [1]
  CodeRelocate                  0x000041b0    0x4c  <Block>
    Initializer bytes  ro data  0x000041b0    0x4c  <for CodeRelocateRam-1>
  .text                ro code  0x000041fc    0x28  data_init.o [5]
  .iar.init_table      const    0x00004224    0x10  - Linker created -
  .text                ro code  0x00004234    0x1a  cmain.o [5]
  .text                ro code  0x0000424e     0x4  low_level_init.o [3]
  .text                ro code  0x00004252     0x4  exit.o [3]
  .text                ro code  0x00004258     0xa  cexit.o [5]
  .text                ro code  0x00004264    0x14  exit.o [6]
  .rodata              const    0x00004278    0x10  main.o [1]
  .data_init                    0x00004288    0x14  <Block>
    Initializer bytes  ro data  0x00004288    0x14  <for .data-1> (used: 0x10)
  .rodata              const    0x0000429c     0xc  main.o [1]
  .text                ro code  0x000042a8     0xc  cstartup_M.o [5]
  .rodata              const    0x000042b4     0x8  main.o [1]
  .rodata              const    0x000042bc     0x8  main.o [1]
  .rodata              const    0x000042c4     0x8  NRF24L01.o [1]
                              - 0x000042cc  0x3e80

"P2", part 1 of 2:                            0x60
  CodeRelocateRam               0x1fff0410    0x4c  <Block>
    CodeRelocateRam-1           0x1fff0410    0x4c  <Init block>
      .textrw          inited   0x1fff0410    0x4c  sysinit.o [1]
  .data                         0x1fff045c    0x10  <Block>
    .data-1                     0x1fff045c    0x10  <Init block>
      .data            inited   0x1fff045c     0x2  isr.o [1]
      .data            inited   0x1fff045e     0x1  isr.o [1]
      .data            inited   0x1fff0460     0x8  NRF24L01.o [1]
      .data            inited   0x1fff0468     0x4  PID.o [1]
                              - 0x1fff046c    0x5c

"P2", part 2 of 2:                           0x11b
  .bss                          0x1fff0470   0x11b  <Block>
    .bss               zero     0x1fff0470     0x8  Command_analy.o [1]
    .bss               zero     0x1fff0478    0x10  adc.o [1]
    .bss               zero     0x1fff0488    0x50  isr.o [1]
    .bss               zero     0x1fff04d8     0x4  isr.o [1]
    .bss               zero     0x1fff04dc     0x4  isr.o [1]
    .bss               zero     0x1fff04e0     0x4  isr.o [1]
    .bss               zero     0x1fff04e4     0xc  isr.o [1]
    .bss               zero     0x1fff04f0     0x4  isr.o [1]
    .bss               zero     0x1fff04f4     0x4  main.o [1]
    .bss               zero     0x1fff04f8     0x4  main.o [1]
    .bss               zero     0x1fff04fc     0x4  main.o [1]
    .bss               zero     0x1fff0500     0x4  main.o [1]
    .bss               zero     0x1fff0504    0x24  main.o [1]
    .bss               zero     0x1fff0528    0x1c  PID.o [1]
    .bss               zero     0x1fff0544     0x4  PID.o [1]
    .bss               zero     0x1fff0548     0x4  PID.o [1]
    .bss               zero     0x1fff054c     0x4  pwm.o [1]
    .bss               zero     0x1fff0550     0x4  pwm.o [1]
    .bss               zero     0x1fff0554     0x4  pwm.o [1]
    .bss               zero     0x1fff0558     0x4  sysinit.o [1]
    .bss               zero     0x1fff055c     0x4  sysinit.o [1]
    .bss               zero     0x1fff0560     0x4  sysinit.o [1]
    .bss               zero     0x1fff0564     0x2  control.o [1]
    .bss               zero     0x1fff0566     0x2  control.o [1]
    .bss               zero     0x1fff0568     0x2  isr.o [1]
    .bss               zero     0x1fff056a     0x2  isr.o [1]
    .bss               zero     0x1fff056c     0x2  isr.o [1]
    .bss               zero     0x1fff056e     0x2  isr.o [1]
    .bss               zero     0x1fff0570     0x1  Command_analy.o [1]
    .bss               zero     0x1fff0571     0x1  Command_analy.o [1]
    .bss               zero     0x1fff0572     0x1  Command_analy.o [1]
    .bss               zero     0x1fff0573     0x1  Command_analy.o [1]
    .bss               zero     0x1fff0574     0x1  Command_analy.o [1]
    .bss               zero     0x1fff0575     0x1  Command_analy.o [1]
    .bss               zero     0x1fff0576     0x1  Command_analy.o [1]
    .bss               zero     0x1fff0577     0x1  Command_analy.o [1]
    .bss               zero     0x1fff0578     0x1  Command_analy.o [1]
    .bss               zero     0x1fff0579     0x1  isr.o [1]
    .bss               zero     0x1fff057a     0x1  isr.o [1]
    .bss               zero     0x1fff057b     0x1  isr.o [1]
    .bss               zero     0x1fff057c     0x1  isr.o [1]
    .bss               zero     0x1fff057d     0x1  isr.o [1]
    .bss               zero     0x1fff057e     0x1  isr.o [1]
    .bss               zero     0x1fff057f     0x1  isr.o [1]
    .bss               zero     0x1fff0580     0x1  isr.o [1]
    .bss               zero     0x1fff0581     0x1  isr.o [1]
    .bss               zero     0x1fff0582     0x1  isr.o [1]
    .bss               zero     0x1fff0583     0x1  isr.o [1]
    .bss               zero     0x1fff0584     0x1  isr.o [1]
    .bss               zero     0x1fff0585     0x1  isr.o [1]
    .bss               zero     0x1fff0586     0x1  isr.o [1]
    .bss               zero     0x1fff0587     0x1  main.o [1]
    .bss               zero     0x1fff0588     0x1  main.o [1]
    .bss               zero     0x1fff0589     0x1  main.o [1]
    .bss               zero     0x1fff058a     0x1  main.o [1]
                              - 0x1fff058b   0x11b


*******************************************************************************
*** INIT TABLE
***

          Address     Size
          -------     ----
Zero (__iar_zero_init3)
    1 destination range, total size 0x11b:
          0x1fff0470  0x11b



*******************************************************************************
*** MODULE SUMMARY
***

    Module            ro code  rw code  ro data  rw data
    ------            -------  -------  -------  -------
C:\Users\ZXJ\Desktop\人体生理指数测试系统\下位机\K60 new board\PhysiologicalTests\bin\Flash\Obj: [1]
    Command_analy.o       904                         17
    LQ12864.o           1 576             1 520
    NRF24L01.o            628                17        8
    PID.o                 168                 4       40
    UpMonitor.o            72
    adc.o                 644                         16
    common.o              306
    control.o             272                          4
    crt0.o                 60
    delay.o                76
    gpio.o                196
    isr.o               1 644                 3      133
    main.o              2 252                44       56
    pit.o                 184
    pwm.o               1 444                         12
    start.o               176
    sysinit.o             528       76       76       12
    uart.o                482
    vectors.o               2             1 040
    wdog.o                 56
    ----------------------------------------------------
    Total:             11 670       76    2 704      298

command line: [2]
    ----------------------------------------------------
    Total:

dl7M_tln.a: [3]
    exit.o                  4
    low_level_init.o        4
    ----------------------------------------------------
    Total:                  8

m7M_tl.a: [4]
    DblAdd.o              232
    DblCmpEq.o             32
    DblCmpGe.o             46
    DblCmpLe.o             46
    DblDiv.o              582
    DblMul.o              418
    DblSub.o              364
    DblToI32.o             76
    FltAdd.o              132
    FltMul.o              216
    FltSub.o              230
    FltToS32.o             68
    I32ToDbl.o             44
    I32ToFlt.o             46
    ----------------------------------------------------
    Total:              2 532

rt7M_tl.a: [5]
    cexit.o                10
    cmain.o                26
    cstartup_M.o           12
    data_init.o            40
    zero_init3.o           34
    ----------------------------------------------------
    Total:                122

shb_l.a: [6]
    exit.o                 20
    ----------------------------------------------------
    Total:                 20

    Gaps                   16                          1
    Linker created          8                20
--------------------------------------------------------
    Grand Total:       14 376       76    2 724      299


*******************************************************************************
*** ENTRY LIST
***

Entry                      Address   Size  Type      Object
-----                      -------   ----  ----      ------
.bss$$Base              0x1fff0470          --   Gb  - Linker created -
.bss$$Limit             0x1fff058b          --   Gb  - Linker created -
.data$$Base             0x1fff045c          --   Gb  - Linker created -
.data$$Limit            0x1fff046c          --   Gb  - Linker created -
.data_init$$Base        0x00004288          --   Gb  - Linker created -
.data_init$$Limit       0x0000429c          --   Gb  - Linker created -
?main                   0x00004235         Code  Gb  cmain.o [5]
BVCnt                   0x1fff056c    0x2  Data  Gb  isr.o [1]
BatteryVoltage          0x1fff04e0    0x4  Data  Gb  isr.o [1]
BufBegin                0x1fff0583    0x1  Data  Gb  isr.o [1]
Car_Control_PWM         0x00001667   0xdc  Code  Gb  control.o [1]
CodeRelocate$$Base      0x000041b0          --   Gb  - Linker created -
CodeRelocate$$Limit     0x000041fc          --   Gb  - Linker created -
CodeRelocateRam$$Base   0x1fff0410          --   Gb  - Linker created -
CodeRelocateRam$$Limit  0x1fff045c          --   Gb  - Linker created -
Command_analy           0x00001a9d  0x388  Code  Gb  Command_analy.o [1]
DM_start                0x1fff0576    0x1  Data  Gb  Command_analy.o [1]
DelayTimeChange         0x1fff0578    0x1  Data  Gb  Command_analy.o [1]
Duty                    0x1fff04dc    0x4  Data  Gb  isr.o [1]
F8X16                   0x000038c0  0x5f0  Data  Gb  LQ12864.o [1]
FB                      0x1fff0584    0x1  Data  Gb  isr.o [1]
FTM1_isr                0x00003799   0x18  Code  Gb  isr.o [1]
FTM2_QUAD_Iint          0x00002873   0x62  Code  Gb  pwm.o [1]
FTM_Count               0x1fff04f0    0x4  Data  Gb  isr.o [1]
FTM_MOD0                0x1fff054c    0x4  Data  Gb  pwm.o [1]
FTM_MOD1                0x1fff0550    0x4  Data  Gb  pwm.o [1]
FTM_MOD2                0x1fff0554    0x4  Data  Gb  pwm.o [1]
FTM_PWM_ChangeDuty      0x000027d5   0x9e  Code  Gb  pwm.o [1]
FTM_PWM_Init            0x000023b1  0x2ea  Code  Gb  pwm.o [1]
FTM_PWM_Open            0x0000269b  0x13a  Code  Gb  pwm.o [1]
ForB                    0x1fff057c    0x1  Data  Gb  isr.o [1]
GetMotorPulse           0x00001649   0x1e  Code  Gb  control.o [1]
GpioIntCnt              0x1fff056a    0x2  Data  Gb  isr.o [1]
GpioIntFlag             0x1fff057a    0x1  Data  Gb  isr.o [1]
IncPID_Calculate        0x00002971   0x7e  Code  Gb  PID.o [1]
IntCnt                  0x1fff0568    0x2  Data  Gb  isr.o [1]
LCD_CLS                 0x00000ec3   0x38  Code  Gb  LQ12864.o [1]
LCD_DLY_ms              0x00000efb   0x1a  Code  Gb  LQ12864.o [1]
LCD_Fill                0x00000e87   0x3c  Code  Gb  LQ12864.o [1]
LCD_Init                0x00000f15  0x13a  Code  Gb  LQ12864.o [1]
LCD_P8x16Str            0x000012c5   0xa8  Code  Gb  LQ12864.o [1]
LCD_P8x16_number        0x0000104f   0xc4  Code  Gb  LQ12864.o [1]
LCD_P8x16_number_4      0x00001113   0xdc  Code  Gb  LQ12864.o [1]
LCD_P8x16_number_5      0x000011ef   0xd6  Code  Gb  LQ12864.o [1]
LCD_Set_Pos             0x00000e5b   0x2c  Code  Gb  LQ12864.o [1]
LCD_WrCmd               0x00000de1   0x7a  Code  Gb  LQ12864.o [1]
LCD_WrDat               0x00000d61   0x7e  Code  Gb  LQ12864.o [1]
MachineReset            0x1fff0577    0x1  Data  Gb  Command_analy.o [1]
Master_Adc_Config       0x1fff0478   0x10  Data  Gb  adc.o [1]
NRF24L01_Check          0x00001563   0x48  Code  Gb  NRF24L01.o [1]
NRF24L01_RX_Mode        0x000015df   0x56  Code  Gb  NRF24L01.o [1]
NRF24L01_RxPacket       0x000015ab   0x34  Code  Gb  NRF24L01.o [1]
OFF_Y                   0x1fff04f4    0x4  Data  Gb  main.o [1]
PB1                     0x1fff057e    0x1  Data  Gb  isr.o [1]
PB1_flag                0x1fff0581    0x1  Data  Gb  isr.o [1]
PB1_isr                 0x000037b1   0x24  Code  Gb  isr.o [1]
PE24                    0x1fff057f    0x1  Data  Gb  isr.o [1]
PE24_flag               0x1fff0582    0x1  Data  Gb  isr.o [1]
PE24_isr                0x000037d5   0x26  Code  Gb  isr.o [1]
PID_SetKpid             0x0000295d   0x14  Code  Gb  PID.o [1]
PID_SetPoint            0x00002955    0x8  Code  Gb  PID.o [1]
PowerLowFg              0x1fff0585    0x1  Data  Gb  isr.o [1]
PwmDuty                 0x1fff04d8    0x4  Data  Gb  isr.o [1]
RX_ADDRESS              0x1fff0460    0x8  Data  Gb  NRF24L01.o [1]
Region$$Table$$Base     0x00004224          --   Gb  - Linker created -
Region$$Table$$Limit    0x00004234          --   Gb  - Linker created -
SPI_RW                  0x00001427   0x46  Code  Gb  NRF24L01.o [1]
SPI_RW_Reg              0x0000146d   0x36  Code  Gb  NRF24L01.o [1]
SPI_Read                0x000014a3   0x32  Code  Gb  NRF24L01.o [1]
SPI_Read_Buf            0x000014d5   0x48  Code  Gb  NRF24L01.o [1]
SPI_Write_Buf           0x0000151d   0x46  Code  Gb  NRF24L01.o [1]
StepOk                  0x1fff0580    0x1  Data  Gb  isr.o [1]
UpBuf1                  0x1fff0587    0x1  Data  Gb  main.o [1]
UpBuf1_pre              0x1fff0588    0x1  Data  Gb  main.o [1]
YBack                   0x1fff04f8    0x4  Data  Gb  main.o [1]
YMax                    0x1fff04fc    0x4  Data  Gb  main.o [1]
YMin                    0x1fff0500    0x4  Data  Gb  main.o [1]
__BOOT_STACK_ADDRESS {Abs}
                        0x2000fff8          --   Gb  command line/config [2]
__PID                   0x1fff0528   0x1c  Data  Gb  PID.o [1]
__VECTOR_RAM {Abs}      0x1fff0000          --   Gb  command line/config [2]
__VECTOR_TABLE {Abs}    0x00000000          --   Gb  command line/config [2]
__aeabi_cdcmpeq         0x00002ab5         Code  Gb  DblCmpEq.o [4]
__aeabi_cdcmple         0x00001e25         Code  Gb  DblCmpLe.o [4]
__aeabi_cdrcmple        0x00001e55         Code  Gb  DblCmpGe.o [4]
__aeabi_d2iz            0x0000191d         Code  Gb  DblToI32.o [4]
__aeabi_dadd            0x00002ad5         Code  Gb  DblAdd.o [4]
__aeabi_ddiv            0x00002be9         Code  Gb  DblDiv.o [4]
__aeabi_dmul            0x00001759         Code  Gb  DblMul.o [4]
__aeabi_f2iz            0x000030a5         Code  Gb  FltToS32.o [4]
__aeabi_fadd            0x00003021         Code  Gb  FltAdd.o [4]
__aeabi_fmul            0x00002e61         Code  Gb  FltMul.o [4]
__aeabi_fsub            0x00002f39         Code  Gb  FltSub.o [4]
__aeabi_i2d             0x00002bbd         Code  Gb  I32ToDbl.o [4]
__aeabi_i2f             0x00002e31         Code  Gb  I32ToFlt.o [4]
__cmain                 0x00004235         Code  Gb  cmain.o [5]
__exit                  0x00004265   0x14  Code  Gb  exit.o [6]
__iar_d2uiz             0x00001949         Code  Gb  DblToI32.o [4]
__iar_dadd              0x00002ae9         Code  Gb  DblAdd.o [4]
__iar_data_init3        0x000041fd   0x28  Code  Gb  data_init.o [5]
__iar_dsub              0x000030e9         Code  Gb  DblSub.o [4]
__iar_dsubStart         0x000030fb         Code  Gb  DblSub.o [4]
__iar_fadd              0x00003031         Code  Gb  FltAdd.o [4]
__iar_fsub              0x00002f49         Code  Gb  FltSub.o [4]
__iar_fsubStart         0x00002f59         Code  Gb  FltSub.o [4]
__iar_program_start     0x000042a9         Code  Gb  cstartup_M.o [5]
__iar_ui2d              0x00002bd1         Code  Gb  I32ToDbl.o [4]
__iar_ui2f              0x00002e45         Code  Gb  I32ToFlt.o [4]
__iar_zero_init3        0x000018fb   0x22  Code  Gb  zero_init3.o [5]
__low_level_init        0x0000424f    0x4  Code  Gb  low_level_init.o [3]
__startup               0x00000411         Code  Gb  crt0.o [1]
__vector_table          0x00000000  0x410  Data  Gb  vectors.o [1]
_call_main              0x00004241         Code  Gb  cmain.o [5]
_exit                   0x00004259         Code  Gb  cexit.o [5]
_main                   0x0000424b         Code  Gb  cmain.o [5]
analyse_over            0x1fff045e    0x1  Data  Gb  isr.o [1]
avr_count               0x1fff0589    0x1  Data  Gb  main.o [1]
base                    0x1fff045c    0x2  Data  Gb  isr.o [1]
chainage                0x1fff056e    0x2  Data  Gb  isr.o [1]
cnt                     0x1fff0586    0x1  Data  Gb  isr.o [1]
command_str             0x1fff04e4    0xc  Data  Gb  isr.o [1]
common_startup          0x000040dd   0x74  Code  Gb  start.o [1]
constant_angle          0x1fff0470    0x8  Data  Gb  Command_analy.o [1]
core_clk_khz            0x1fff0558    0x4  Data  Gb  sysinit.o [1]
core_clk_mhz            0x1fff055c    0x4  Data  Gb  sysinit.o [1]
default_isr             0x00001a9b    0x2  Code  Gb  vectors.o [1]
delay_ms                0x00001389   0x38  Code  Gb  delay.o [1]
disable_irq             0x000019ff   0x5a  Code  Gb  common.o [1]
enable_irq              0x0000196f   0x90  Code  Gb  common.o [1]
enable_pit_interrupt    0x00002a5b   0x4c  Code  Gb  pit.o [1]
enableuartreint         0x00002053   0x14  Code  Gb  uart.o [1]
exit                    0x00004253    0x4  Code  Gb  exit.o [3]
fb_clk_init             0x00003f17   0x16  Code  Gb  sysinit.o [1]
first                   0x1fff058a    0x1  Data  Gb  main.o [1]
g_n1msEventCount        0x1fff0579    0x1  Data  Gb  isr.o [1]
g_n1msEventFlag         0x1fff057b    0x1  Data  Gb  isr.o [1]
g_nMotorPulse           0x1fff0564    0x2  Data  Gb  control.o [1]
g_nMotorPulseSigma      0x1fff0566    0x2  Data  Gb  control.o [1]
gpio_ctrl               0x000020fd   0x22  Code  Gb  gpio.o [1]
gpio_init               0x00002069   0x7a  Code  Gb  gpio.o [1]
gpio_read               0x0000211f    0xe  Code  Gb  gpio.o [1]
hw_ad_ave               0x0000222b   0x42  Code  Gb  adc.o [1]
hw_ad_mid               0x000021c5   0x66  Code  Gb  adc.o [1]
hw_ad_once              0x0000217b   0x4a  Code  Gb  adc.o [1]
hw_adc_config_alt       0x00002369   0x26  Code  Gb  adc.o [1]
hw_adc_convertstart     0x0000226d   0xfc  Code  Gb  adc.o [1]
hw_adc_init             0x0000212d   0x4e  Code  Gb  adc.o [1]
hw_pit_init             0x000029fd   0x5e  Code  Gb  pit.o [1]
init_nrf24l01_io        0x000013d5   0x52  Code  Gb  NRF24L01.o [1]
main                    0x0000044d  0x5f8  Code  Gb  main.o [1]
motor_run_nag           0x1fff0571    0x1  Data  Gb  Command_analy.o [1]
motor_run_pos           0x1fff0570    0x1  Data  Gb  Command_analy.o [1]
motor_stop              0x1fff0572    0x1  Data  Gb  Command_analy.o [1]
off_y                   0x1fff0488   0x50  Data  Gb  isr.o [1]
periph_clk_khz          0x1fff0560    0x4  Data  Gb  sysinit.o [1]
pit0_isr                0x00003255  0x4fc  Code  Gb  isr.o [1]
pll_init                0x00003f2d  0x15a  Code  Gb  sysinit.o [1]
run_constant_angle_nag  0x1fff0574    0x1  Data  Gb  Command_analy.o [1]
run_constant_angle_pos  0x1fff0573    0x1  Data  Gb  Command_analy.o [1]
sPID                    0x1fff0468    0x4  Data  Gb  PID.o [1]
serial_choose           0x00000d19   0x42  Code  Gb  UpMonitor.o [1]
set_irq_priority        0x00001a81   0x1a  Code  Gb  common.o [1]
set_sys_dividers        0x1fff0411   0x4c  Code  Gb  sysinit.o [1]
slow                    0x1fff057d    0x1  Data  Gb  isr.o [1]
start                   0x000040c9   0x14  Code  Gb  start.o [1]
sysinit                 0x00003eb9   0x48  Code  Gb  sysinit.o [1]
system_init             0x00000a59  0x1d0  Code  Gb  main.o [1]
test_start              0x1fff0575    0x1  Data  Gb  Command_analy.o [1]
tmp_buf                 0x1fff0504   0x24  Data  Gb  main.o [1]
trace_clk_init          0x00003f01   0x16  Code  Gb  sysinit.o [1]
uart3_isr               0x00003751   0x48  Code  Gb  isr.o [1]
uart_init               0x00001e85  0x174  Code  Gb  uart.o [1]
uart_send1              0x00002049    0xa  Code  Gb  uart.o [1]
wdog_disable            0x00004179   0x16  Code  Gb  wdog.o [1]
wdog_unlock             0x00004191   0x16  Code  Gb  wdog.o [1]
write_vtor              0x00001969    0x6  Code  Gb  common.o [1]


[1] = C:\Users\ZXJ\Desktop\人体生理指数测试系统\下位机\K60 new board\PhysiologicalTests\bin\Flash\Obj
[2] = command line
[3] = dl7M_tln.a
[4] = m7M_tl.a
[5] = rt7M_tl.a
[6] = shb_l.a

  14 376 bytes of readonly  code memory
      76 bytes of readwrite code memory
   2 724 bytes of readonly  data memory
     299 bytes of readwrite data memory

Errors: none
Warnings: none
